2026-02-19 13:33:59.198 +05:30 [ERR] Test error log
2026-02-19 13:34:06.194 +05:30 [INF] HTTP GET /swagger/index.html responded 200 in 143.5974 ms
2026-02-19 13:34:06.571 +05:30 [INF] HTTP GET /swagger/v1/swagger.json responded 200 in 35.7502 ms
2026-02-19 13:51:02.999 +05:30 [ERR] Test error log
2026-02-19 13:51:07.301 +05:30 [INF] HTTP GET /swagger/index.html responded 200 in 344.5509 ms
2026-02-19 13:51:07.757 +05:30 [INF] HTTP GET /swagger/v1/swagger.json responded 200 in 73.4672 ms
2026-02-19 13:51:21.531 +05:30 [WRN] No store type was specified for the decimal property 'approvedAmount' on entity type 'LoanDeals'. This will cause values to be silently truncated if they do not fit in the default precision and scale. Explicitly specify the SQL server column type that can accommodate all the values in 'OnModelCreating' using 'HasColumnType', specify precision and scale using 'HasPrecision', or configure a value converter using 'HasConversion'.
2026-02-19 13:51:21.541 +05:30 [WRN] No store type was specified for the decimal property 'eligibleAmount' on entity type 'LoanDeals'. This will cause values to be silently truncated if they do not fit in the default precision and scale. Explicitly specify the SQL server column type that can accommodate all the values in 'OnModelCreating' using 'HasColumnType', specify precision and scale using 'HasPrecision', or configure a value converter using 'HasConversion'.
2026-02-19 13:51:24.070 +05:30 [INF] HTTP GET /api/LoanDeals responded 200 in 4614.9410 ms
2026-02-19 14:19:31.550 +05:30 [ERR] Test error log
2026-02-19 14:19:36.634 +05:30 [INF] HTTP GET /swagger/index.html responded 200 in 657.5536 ms
2026-02-19 14:19:37.616 +05:30 [INF] HTTP GET /swagger/v1/swagger.json responded 200 in 272.3082 ms
2026-02-19 14:20:07.615 +05:30 [WRN] No store type was specified for the decimal property 'approvedAmount' on entity type 'LoanDeals'. This will cause values to be silently truncated if they do not fit in the default precision and scale. Explicitly specify the SQL server column type that can accommodate all the values in 'OnModelCreating' using 'HasColumnType', specify precision and scale using 'HasPrecision', or configure a value converter using 'HasConversion'.
2026-02-19 14:20:07.618 +05:30 [WRN] No store type was specified for the decimal property 'eligibleAmount' on entity type 'LoanDeals'. This will cause values to be silently truncated if they do not fit in the default precision and scale. Explicitly specify the SQL server column type that can accommodate all the values in 'OnModelCreating' using 'HasColumnType', specify precision and scale using 'HasPrecision', or configure a value converter using 'HasConversion'.
2026-02-19 14:20:09.790 +05:30 [INF] HTTP GET /api/LoanTypes responded 200 in 4255.5337 ms
2026-02-19 14:20:34.858 +05:30 [INF] HTTP GET /api/LoanDeals responded 200 in 457.7919 ms
2026-02-19 14:23:24.778 +05:30 [INF] HTTP POST /api/LoanDeals responded 200 in 836.4656 ms
2026-02-19 14:23:35.819 +05:30 [INF] HTTP GET /api/LoanDeals responded 200 in 35.3772 ms
2026-02-19 14:25:08.658 +05:30 [INF] HTTP GET /api/LoanDeals/1 responded 200 in 99.1810 ms
2026-02-19 14:25:08.773 +05:30 [INF] HTTP GET /api/LoanDeals/2 responded 200 in 10.9656 ms
2026-02-19 14:25:33.453 +05:30 [INF] HTTP GET /api/LoanDeals/2 responded 200 in 12.2880 ms
2026-02-19 14:25:47.378 +05:30 [INF] HTTP GET /api/LoanDeals/1 responded 200 in 12.0627 ms
2026-02-19 14:25:47.393 +05:30 [INF] HTTP GET /api/LoanDeals/2 responded 200 in 11.4620 ms
2026-02-19 14:25:47.413 +05:30 [INF] HTTP GET /api/LoanDeals/2 responded 200 in 12.2677 ms
2026-02-19 14:26:26.892 +05:30 [INF] HTTP GET /api/LoanDeals/1 responded 200 in 50.3220 ms
2026-02-19 14:26:26.910 +05:30 [INF] HTTP GET /api/LoanDeals/2 responded 200 in 13.5193 ms
2026-02-19 14:31:03.079 +05:30 [INF] HTTP PUT /api/LoanDeals/3/approve responded 200 in 347.9215 ms
2026-02-19 14:31:40.159 +05:30 [INF] HTTP GET /api/LoanDeals/3 responded 200 in 20.0676 ms
2026-02-19 14:32:19.529 +05:30 [INF] HTTP GET /api/LoanDeals/1 responded 200 in 28.5760 ms
2026-02-19 14:32:19.543 +05:30 [INF] HTTP GET /api/LoanDeals/2 responded 200 in 8.5013 ms
2026-02-19 14:32:19.565 +05:30 [INF] HTTP GET /api/LoanDeals/2 responded 200 in 12.5769 ms
2026-02-19 14:32:19.611 +05:30 [INF] HTTP GET /api/LoanDeals/3 responded 200 in 33.5544 ms
2026-02-19 14:32:48.817 +05:30 [INF] HTTP GET /api/LoanDeals/1 responded 200 in 11.7450 ms
2026-02-19 14:32:48.831 +05:30 [INF] HTTP GET /api/LoanDeals/2 responded 200 in 9.3106 ms
2026-02-19 14:32:48.842 +05:30 [INF] HTTP GET /api/LoanDeals/2 responded 200 in 8.3017 ms
2026-02-19 14:32:48.855 +05:30 [INF] HTTP GET /api/LoanDeals/3 responded 200 in 8.4460 ms
2026-02-19 14:32:59.759 +05:30 [INF] HTTP GET /api/LoanDeals/1 responded 200 in 17.8245 ms
2026-02-19 14:32:59.776 +05:30 [INF] HTTP GET /api/LoanDeals/2 responded 200 in 8.3397 ms
2026-02-19 14:32:59.787 +05:30 [INF] HTTP GET /api/LoanDeals/2 responded 200 in 9.1541 ms
2026-02-19 14:32:59.800 +05:30 [INF] HTTP GET /api/LoanDeals/3 responded 200 in 8.7324 ms
2026-02-19 14:34:01.815 +05:30 [INF] HTTP GET /api/LoanDeals/1 responded 200 in 8.1462 ms
2026-02-19 14:34:01.826 +05:30 [INF] HTTP GET /api/LoanDeals/2 responded 200 in 8.1607 ms
2026-02-19 14:34:01.840 +05:30 [INF] HTTP GET /api/LoanDeals/2 responded 200 in 9.3091 ms
2026-02-19 14:34:01.864 +05:30 [INF] HTTP GET /api/LoanDeals/3 responded 200 in 9.4420 ms
2026-02-19 14:42:57.013 +05:30 [INF] HTTP GET /api/LoanDeals responded 200 in 136.1753 ms
2026-02-19 15:21:57.752 +05:30 [ERR] Test error log
2026-02-19 15:22:00.936 +05:30 [INF] HTTP GET /swagger/index.html responded 200 in 203.7500 ms
2026-02-19 15:22:01.355 +05:30 [INF] HTTP GET /swagger/v1/swagger.json responded 200 in 33.8097 ms
2026-02-19 15:22:12.858 +05:30 [WRN] No store type was specified for the decimal property 'approvedAmount' on entity type 'LoanDeals'. This will cause values to be silently truncated if they do not fit in the default precision and scale. Explicitly specify the SQL server column type that can accommodate all the values in 'OnModelCreating' using 'HasColumnType', specify precision and scale using 'HasPrecision', or configure a value converter using 'HasConversion'.
2026-02-19 15:22:12.861 +05:30 [WRN] No store type was specified for the decimal property 'eligibleAmount' on entity type 'LoanDeals'. This will cause values to be silently truncated if they do not fit in the default precision and scale. Explicitly specify the SQL server column type that can accommodate all the values in 'OnModelCreating' using 'HasColumnType', specify precision and scale using 'HasPrecision', or configure a value converter using 'HasConversion'.
2026-02-19 15:22:15.314 +05:30 [INF] HTTP GET /api/LoanDeals responded 200 in 4517.9785 ms
2026-02-19 15:22:33.002 +05:30 [INF] Start processing HTTP request GET https://localhost:7230/api/v1/scorecard/1
2026-02-19 15:22:33.011 +05:30 [INF] Sending HTTP request GET https://localhost:7230/api/v1/scorecard/1
2026-02-19 15:22:33.043 +05:30 [INF] HTTP POST /api/LoanDeals responded 200 in 443.2737 ms
2026-02-19 15:22:33.287 +05:30 [INF] Received HTTP response headers after 260.8717ms - 200
2026-02-19 15:22:33.292 +05:30 [INF] End processing HTTP request after 301.366ms - 200
2026-02-19 15:22:38.182 +05:30 [INF] HTTP GET /api/LoanDeals responded 200 in 181.2352 ms
2026-02-19 15:30:42.440 +05:30 [INF] HTTP GET /api/LoanDeals responded 200 in 56.1638 ms
2026-02-19 15:31:10.779 +05:30 [INF] Start processing HTTP request GET https://localhost:7230/api/v1/scorecard/1
2026-02-19 15:31:10.779 +05:30 [INF] Sending HTTP request GET https://localhost:7230/api/v1/scorecard/1
2026-02-19 15:31:10.787 +05:30 [INF] HTTP POST /api/LoanDeals responded 200 in 37.9025 ms
2026-02-19 15:31:11.278 +05:30 [INF] Received HTTP response headers after 498.4956ms - 200
2026-02-19 15:31:11.279 +05:30 [INF] End processing HTTP request after 500.6365ms - 200
2026-02-19 15:31:14.827 +05:30 [INF] HTTP GET /api/LoanDeals responded 200 in 11.8024 ms
2026-02-19 15:31:19.388 +05:30 [INF] Start processing HTTP request GET https://localhost:7230/api/v1/scorecard/1
2026-02-19 15:31:19.389 +05:30 [INF] Sending HTTP request GET https://localhost:7230/api/v1/scorecard/1
2026-02-19 15:31:19.395 +05:30 [INF] HTTP POST /api/LoanDeals responded 200 in 14.7529 ms
2026-02-19 15:31:19.444 +05:30 [INF] Received HTTP response headers after 55.3885ms - 200
2026-02-19 15:31:19.445 +05:30 [INF] End processing HTTP request after 56.998ms - 200
2026-02-19 15:31:20.508 +05:30 [INF] Start processing HTTP request GET https://localhost:7230/api/v1/scorecard/1
2026-02-19 15:31:20.508 +05:30 [INF] Sending HTTP request GET https://localhost:7230/api/v1/scorecard/1
2026-02-19 15:31:20.512 +05:30 [INF] HTTP POST /api/LoanDeals responded 200 in 10.5032 ms
2026-02-19 15:31:20.563 +05:30 [INF] Received HTTP response headers after 54.168ms - 200
2026-02-19 15:31:20.563 +05:30 [INF] End processing HTTP request after 55.4719ms - 200
2026-02-19 15:32:44.422 +05:30 [INF] Start processing HTTP request GET https://localhost:7230/api/v1/scorecard/1
2026-02-19 15:32:44.424 +05:30 [INF] Sending HTTP request GET https://localhost:7230/api/v1/scorecard/1
2026-02-19 15:32:44.432 +05:30 [INF] HTTP POST /api/LoanDeals responded 200 in 49120.5679 ms
2026-02-19 15:32:44.539 +05:30 [INF] Received HTTP response headers after 115.2046ms - 200
2026-02-19 15:32:44.540 +05:30 [INF] End processing HTTP request after 118.6031ms - 200
2026-02-19 15:33:05.927 +05:30 [INF] HTTP GET /api/LoanDeals responded 200 in 41.4542 ms
2026-02-19 15:36:05.655 +05:30 [ERR] Test error log
2026-02-19 15:36:09.239 +05:30 [INF] HTTP GET /swagger/index.html responded 200 in 285.4072 ms
2026-02-19 15:36:09.703 +05:30 [INF] HTTP GET /swagger/v1/swagger.json responded 200 in 79.0031 ms
2026-02-19 15:36:37.846 +05:30 [WRN] No store type was specified for the decimal property 'approvedAmount' on entity type 'LoanDeals'. This will cause values to be silently truncated if they do not fit in the default precision and scale. Explicitly specify the SQL server column type that can accommodate all the values in 'OnModelCreating' using 'HasColumnType', specify precision and scale using 'HasPrecision', or configure a value converter using 'HasConversion'.
2026-02-19 15:36:37.851 +05:30 [WRN] No store type was specified for the decimal property 'eligibleAmount' on entity type 'LoanDeals'. This will cause values to be silently truncated if they do not fit in the default precision and scale. Explicitly specify the SQL server column type that can accommodate all the values in 'OnModelCreating' using 'HasColumnType', specify precision and scale using 'HasPrecision', or configure a value converter using 'HasConversion'.
2026-02-19 15:36:40.139 +05:30 [INF] HTTP GET /api/LoanTypes responded 200 in 4577.0018 ms
2026-02-19 15:41:45.096 +05:30 [ERR] Test error log
2026-02-19 15:41:48.514 +05:30 [INF] HTTP GET /swagger/index.html responded 200 in 226.2760 ms
2026-02-19 15:41:49.133 +05:30 [INF] HTTP GET /swagger/v1/swagger.json responded 200 in 57.0974 ms
2026-02-19 15:42:44.908 +05:30 [INF] Start processing HTTP request GET https://localhost:7230/api/v1/scorecard/1
2026-02-19 15:42:44.920 +05:30 [INF] Sending HTTP request GET https://localhost:7230/api/v1/scorecard/1
2026-02-19 15:42:44.982 +05:30 [INF] HTTP POST /api/LoanDeals responded 200 in 20261.0332 ms
2026-02-19 15:42:48.868 +05:30 [INF] Received HTTP response headers after 3938.7283ms - 200
2026-02-19 15:42:48.872 +05:30 [INF] End processing HTTP request after 3987.3603ms - 200
2026-02-19 15:42:51.353 +05:30 [INF] HTTP GET /api/LoanDeals responded 200 in 486.1911 ms
2026-02-19 15:47:57.717 +05:30 [ERR] Test error log
2026-02-19 15:48:01.097 +05:30 [INF] HTTP GET /swagger/index.html responded 200 in 245.4976 ms
2026-02-19 15:48:01.395 +05:30 [INF] HTTP GET /swagger/v1/swagger.json responded 200 in 46.2749 ms
2026-02-19 15:48:53.573 +05:30 [INF] Start processing HTTP request GET https://localhost:7230/api/v1/scorecard/1
2026-02-19 15:48:53.583 +05:30 [INF] Sending HTTP request GET https://localhost:7230/api/v1/scorecard/1
2026-02-19 15:48:53.640 +05:30 [INF] HTTP POST /api/LoanDeals responded 200 in 13820.2459 ms
2026-02-19 15:48:53.830 +05:30 [INF] Received HTTP response headers after 239.4647ms - 200
2026-02-19 15:48:53.833 +05:30 [INF] End processing HTTP request after 281.5083ms - 200
2026-02-19 15:48:53.997 +05:30 [ERR] Caught an error in LoanDeals POST
System.ArgumentException: Customer ID not Found
   at LoanOriginationService.Infrastructure.Repository.LoanDealsRepo.AddLoanDealsAsync(LoanDealsResponseDto dto) in C:\Users\Sakib\source\repos\LoanOriginationService.API\LoanOriginationService.Infrastructure\Repository\LoanDealsRepo.cs:line 58
2026-02-19 15:49:02.699 +05:30 [INF] HTTP GET /api/LoanDeals responded 200 in 567.7271 ms
2026-02-19 15:52:37.739 +05:30 [ERR] Test error log
2026-02-19 15:52:41.333 +05:30 [INF] HTTP GET /swagger/index.html responded 200 in 476.9644 ms
2026-02-19 15:52:41.647 +05:30 [INF] HTTP GET /swagger/v1/swagger.json responded 200 in 44.4993 ms
2026-02-19 15:53:16.405 +05:30 [INF] Start processing HTTP request GET https://localhost:7230/api/v1/scorecard/1
2026-02-19 15:53:16.417 +05:30 [INF] Sending HTTP request GET https://localhost:7230/api/v1/scorecard/1
2026-02-19 15:53:16.467 +05:30 [INF] HTTP POST /api/LoanDeals responded 200 in 16932.0944 ms
2026-02-19 15:53:16.652 +05:30 [INF] Received HTTP response headers after 228.0478ms - 200
2026-02-19 15:53:16.656 +05:30 [INF] End processing HTTP request after 283.4151ms - 200
2026-02-19 15:53:16.885 +05:30 [ERR] Caught an error in LoanDeals POST
System.ObjectDisposedException: Cannot access a disposed context instance. A common cause of this error is disposing a context instance that was resolved from dependency injection and then later trying to use the same context instance elsewhere in your application. This may occur if you are calling 'Dispose' on the context instance, or wrapping it in a using statement. If you are using dependency injection, you should let the dependency injection container take care of disposing context instances.
Object name: 'ApplicationDbContext'.
   at Microsoft.EntityFrameworkCore.DbContext.CheckDisposed()
   at Microsoft.EntityFrameworkCore.DbContext.get_DbContextDependencies()
   at Microsoft.EntityFrameworkCore.DbContext.Microsoft.EntityFrameworkCore.Internal.IDbContextDependencies.get_StateManager()
   at Microsoft.EntityFrameworkCore.Internal.InternalDbSet`1.EntryWithoutDetectChanges(TEntity entity)
   at Microsoft.EntityFrameworkCore.Internal.InternalDbSet`1.Add(TEntity entity)
   at LoanOriginationService.Infrastructure.Repository.LoanDealsRepo.AddLoanDealsAsync(LoanDealsResponseDto dto) in C:\Users\Sakib\source\repos\LoanOriginationService.API\LoanOriginationService.Infrastructure\Repository\LoanDealsRepo.cs:line 67
2026-02-19 15:53:23.550 +05:30 [INF] HTTP GET /api/LoanDeals responded 200 in 513.3278 ms
2026-02-19 15:55:49.263 +05:30 [ERR] Test error log
2026-02-19 15:55:52.232 +05:30 [INF] HTTP GET /swagger/index.html responded 200 in 226.3805 ms
2026-02-19 15:55:52.649 +05:30 [INF] HTTP GET /swagger/v1/swagger.json responded 200 in 54.9062 ms
2026-02-19 15:56:31.216 +05:30 [INF] Start processing HTTP request GET https://localhost:7230/api/v1/scorecard/1
2026-02-19 15:56:31.231 +05:30 [INF] Sending HTTP request GET https://localhost:7230/api/v1/scorecard/1
2026-02-19 15:56:31.335 +05:30 [INF] HTTP POST /api/LoanDeals responded 200 in 11470.4819 ms
2026-02-19 15:56:31.406 +05:30 [INF] Received HTTP response headers after 166.4084ms - 200
2026-02-19 15:56:31.410 +05:30 [INF] End processing HTTP request after 218.954ms - 200
2026-02-19 15:56:31.635 +05:30 [ERR] Caught an error in LoanDeals POST
System.ObjectDisposedException: Cannot access a disposed context instance. A common cause of this error is disposing a context instance that was resolved from dependency injection and then later trying to use the same context instance elsewhere in your application. This may occur if you are calling 'Dispose' on the context instance, or wrapping it in a using statement. If you are using dependency injection, you should let the dependency injection container take care of disposing context instances.
Object name: 'ApplicationDbContext'.
   at Microsoft.EntityFrameworkCore.DbContext.CheckDisposed()
   at Microsoft.EntityFrameworkCore.DbContext.get_DbContextDependencies()
   at Microsoft.EntityFrameworkCore.DbContext.Microsoft.EntityFrameworkCore.Internal.IDbContextDependencies.get_StateManager()
   at Microsoft.EntityFrameworkCore.Internal.InternalDbSet`1.EntryWithoutDetectChanges(TEntity entity)
   at Microsoft.EntityFrameworkCore.Internal.InternalDbSet`1.Add(TEntity entity)
   at LoanOriginationService.Infrastructure.Repository.LoanDealsRepo.AddLoanDealsAsync(LoanDealsResponseDto dto) in C:\Users\Sakib\source\repos\LoanOriginationService.API\LoanOriginationService.Infrastructure\Repository\LoanDealsRepo.cs:line 67
2026-02-19 15:56:38.206 +05:30 [INF] HTTP GET /api/LoanDeals responded 200 in 635.3304 ms
2026-02-19 15:58:22.539 +05:30 [ERR] Test error log
2026-02-19 15:58:26.113 +05:30 [INF] HTTP GET /swagger/index.html responded 200 in 243.0573 ms
2026-02-19 15:58:26.510 +05:30 [INF] HTTP GET /swagger/v1/swagger.json responded 200 in 72.5718 ms
2026-02-19 15:59:06.313 +05:30 [INF] Start processing HTTP request GET https://localhost:7230/api/v1/scorecard/1
2026-02-19 15:59:06.331 +05:30 [INF] Sending HTTP request GET https://localhost:7230/api/v1/scorecard/1
2026-02-19 15:59:06.483 +05:30 [INF] Received HTTP response headers after 142.2724ms - 200
2026-02-19 15:59:06.488 +05:30 [INF] End processing HTTP request after 204.6025ms - 200
2026-02-19 15:59:07.380 +05:30 [INF] HTTP POST /api/LoanDeals responded 200 in 25829.8344 ms
2026-02-19 15:59:15.384 +05:30 [INF] HTTP GET /api/LoanDeals responded 200 in 444.6262 ms
2026-02-19 16:34:14.886 +05:30 [INF] HTTP GET /api/LoanDeals responded 200 in 238.5159 ms
2026-02-19 16:35:05.381 +05:30 [INF] Start processing HTTP request GET https://localhost:7230/api/v1/scorecard/2
2026-02-19 16:35:05.382 +05:30 [INF] Sending HTTP request GET https://localhost:7230/api/v1/scorecard/2
2026-02-19 16:35:05.603 +05:30 [INF] Received HTTP response headers after 220.3493ms - 200
2026-02-19 16:35:05.603 +05:30 [INF] End processing HTTP request after 231.1801ms - 200
2026-02-19 16:35:05.626 +05:30 [INF] HTTP POST /api/LoanDeals responded 200 in 29820.0895 ms
2026-02-19 16:35:15.747 +05:30 [INF] HTTP GET /api/LoanDeals responded 200 in 18.0024 ms
2026-02-19 16:46:21.350 +05:30 [INF] Start processing HTTP request GET https://localhost:7230/api/v1/scorecard/7
2026-02-19 16:46:21.351 +05:30 [INF] Sending HTTP request GET https://localhost:7230/api/v1/scorecard/7
2026-02-19 16:46:21.774 +05:30 [INF] Received HTTP response headers after 422.0094ms - 200
2026-02-19 16:46:21.774 +05:30 [INF] End processing HTTP request after 423.9079ms - 200
2026-02-19 16:46:21.795 +05:30 [INF] HTTP POST /api/LoanDeals responded 200 in 10156.4671 ms
2026-02-19 16:46:26.866 +05:30 [INF] HTTP GET /api/LoanDeals responded 200 in 10.2851 ms
