2026-02-20 11:12:54.169 +05:30 [ERR] Test error log
2026-02-20 11:13:00.395 +05:30 [INF] HTTP GET /swagger/index.html responded 200 in 312.9757 ms
2026-02-20 11:13:00.830 +05:30 [INF] HTTP GET /swagger/v1/swagger.json responded 200 in 54.0651 ms
2026-02-20 11:24:22.074 +05:30 [ERR] Test error log
2026-02-20 11:24:25.252 +05:30 [INF] HTTP GET /swagger/index.html responded 200 in 279.3583 ms
2026-02-20 11:24:25.642 +05:30 [INF] HTTP GET /swagger/v1/swagger.json responded 200 in 49.1408 ms
2026-02-20 11:42:02 [ERR] Test error log
2026-02-20 11:42:05 [INF] HTTP GET /swagger/index.html responded 200 in 220.7749 ms
2026-02-20 11:42:05 [INF] HTTP GET /swagger/v1/swagger.json responded 200 in 35.1235 ms
2026-02-20 11:42:19 [INF] HTTP GET /api/LoanDeals responded 200 in 5241.5677 ms
2026-02-20 11:42:44 [INF] Start processing HTTP request GET https://localhost:7002/api/Auth/Officer
2026-02-20 11:42:44 [INF] Sending HTTP request GET https://localhost:7002/api/Auth/Officer
2026-02-20 11:42:44 [INF] HTTP PUT /api/LoanDeals/3/approve responded 200 in 444.0900 ms
2026-02-20 11:42:49 [INF] Received HTTP response headers after 5313.312ms - 200
2026-02-20 11:42:49 [INF] End processing HTTP request after 5348.8835ms - 200
2026-02-20 11:43:05 [INF] HTTP GET /api/LoanDeals responded 200 in 170.4518 ms
2026-02-20 11:46:59 [INF] Start processing HTTP request GET https://localhost:7002/api/Auth/Officer
2026-02-20 11:46:59 [INF] Sending HTTP request GET https://localhost:7002/api/Auth/Officer
2026-02-20 11:46:59 [INF] HTTP PUT /api/LoanDeals/3/approve responded 200 in 193852.3116 ms
2026-02-20 11:46:59 [INF] Received HTTP response headers after 178.1996ms - 200
2026-02-20 11:46:59 [INF] End processing HTTP request after 182.2284ms - 200
2026-02-20 11:51:14 [ERR] Test error log
2026-02-20 11:51:17 [INF] HTTP GET /swagger/index.html responded 200 in 246.7194 ms
2026-02-20 11:51:18 [INF] HTTP GET /swagger/v1/swagger.json responded 200 in 31.5964 ms
2026-02-20 11:52:52 [INF] HTTP PUT /api/LoanDeals/3/approve responded 200 in 79046.8277 ms
2026-02-20 11:52:52 [ERR] An error occurred using the connection to database 'LoanOriginationDB' on server 'LAPTOP-BPSVF1HI\SQLEXPRESS'.
2026-02-20 11:53:02 [INF] HTTP GET /api/LoanDeals responded 200 in 849.6541 ms
2026-02-20 13:18:04 [ERR] Test error log
2026-02-20 13:18:08 [INF] HTTP GET /swagger/index.html responded 200 in 204.6517 ms
2026-02-20 13:18:08 [INF] HTTP GET /swagger/v1/swagger.json responded 200 in 31.7643 ms
2026-02-20 13:18:48 [INF] HTTP PUT /api/LoanDeals/3/approve responded 200 in 13660.6052 ms
2026-02-20 13:18:48 [ERR] An error occurred using the connection to database 'LoanOriginationDB' on server 'LAPTOP-BPSVF1HI\SQLEXPRESS'.
2026-02-20 13:18:55 [INF] HTTP GET /api/LoanDeals responded 200 in 710.1167 ms
2026-02-20 13:22:50 [ERR] Test error log
2026-02-20 13:22:53 [INF] HTTP GET /swagger/index.html responded 200 in 188.3572 ms
2026-02-20 13:22:53 [INF] HTTP GET /swagger/v1/swagger.json responded 200 in 61.9505 ms
2026-02-20 13:23:47 [INF] HTTP PUT /api/LoanDeals/3/approve responded 200 in 5626.2336 ms
2026-02-20 13:23:47 [ERR] An error occurred using the connection to database '' on server ''.
2026-02-20 13:23:54 [INF] HTTP GET /api/LoanDeals responded 200 in 732.5482 ms
2026-02-20 13:26:43 [ERR] Test error log
2026-02-20 13:26:45 [INF] HTTP GET /swagger/index.html responded 200 in 206.7213 ms
2026-02-20 13:26:46 [INF] HTTP GET /swagger/v1/swagger.json responded 200 in 51.7025 ms
2026-02-20 13:27:32 [INF] HTTP PUT /api/LoanDeals/3/approve responded 200 in 7088.1182 ms
2026-02-20 13:27:32 [ERR] An error occurred using the connection to database '' on server ''.
2026-02-20 13:27:39 [INF] HTTP GET /api/LoanDeals responded 200 in 696.5225 ms
2026-02-20 13:35:37 [ERR] Test error log
2026-02-20 13:35:41 [INF] HTTP GET /swagger/index.html responded 200 in 204.2299 ms
2026-02-20 13:35:41 [INF] HTTP GET /swagger/v1/swagger.json responded 200 in 29.4362 ms
2026-02-20 13:35:50 [INF] HTTP GET /api/LoanDeals responded 200 in 4148.8165 ms
2026-02-20 13:36:45 [INF] HTTP PUT /api/LoanDeals/3/approve responded 200 in 30762.6750 ms
2026-02-20 13:36:45 [INF] Start processing HTTP request GET https://localhost:7002/api/Auth/Officer
2026-02-20 13:36:45 [INF] Sending HTTP request GET https://localhost:7002/api/Auth/Officer
2026-02-20 13:36:45 [INF] Received HTTP response headers after 171.5662ms - 200
2026-02-20 13:36:45 [INF] End processing HTTP request after 215.7169ms - 200
2026-02-20 13:36:54 [INF] HTTP GET /api/LoanDeals/3/approve responded 405 in 1.4391 ms
2026-02-20 13:37:16 [INF] HTTP GET /api/LoanDeals/3 responded 200 in 206.3979 ms
2026-02-20 13:37:23 [INF] HTTP GET /api/LoanDeals/3 responded 200 in 27.2077 ms
2026-02-20 13:37:23 [INF] HTTP GET /favicon.ico responded 404 in 0.7417 ms
2026-02-20 13:38:14 [ERR] Test error log
2026-02-20 13:38:17 [INF] HTTP GET /swagger/index.html responded 200 in 201.8643 ms
2026-02-20 13:38:18 [INF] HTTP GET /swagger/v1/swagger.json responded 200 in 33.8850 ms
2026-02-20 13:38:58 [INF] HTTP GET /api/LoanDeals responded 200 in 3834.7856 ms
2026-02-20 13:39:15 [INF] HTTP PUT /api/LoanDeals/3/approve responded 200 in 246.2456 ms
2026-02-20 13:40:22 [INF] Start processing HTTP request GET https://localhost:7002/api/Auth/Officer
2026-02-20 13:40:22 [ERR] HTTP PUT /api/LoanDeals/3/approve responded 500 in 929.2160 ms
System.IO.IOException: The request stream was aborted.
 ---> Microsoft.AspNetCore.Connections.ConnectionAbortedException: The HTTP/2 connection faulted.
   --- End of inner exception stack trace ---
   at Microsoft.AspNetCore.Server.Kestrel.Core.Internal.Http.HttpRequestStream.ReadAsyncInternal(Memory`1 destination, CancellationToken cancellationToken)
   at System.Runtime.CompilerServices.PoolingAsyncValueTaskMethodBuilder`1.StateMachineBox`1.System.Threading.Tasks.Sources.IValueTaskSource<TResult>.GetResult(Int16 token)
   at System.Text.Json.Serialization.StreamReadBufferState.ReadAsync(Stream stream, CancellationToken cancellationToken, Boolean fillBuffer)
   at System.Text.Json.Serialization.Metadata.JsonTypeInfo`1.DeserializeAsync[TReadBufferState,TStream](TStream utf8Json, TReadBufferState bufferState, CancellationToken cancellationToken)
   at System.Text.Json.Serialization.Metadata.JsonTypeInfo`1.DeserializeAsObjectAsync(Stream utf8Json, CancellationToken cancellationToken)
   at Microsoft.AspNetCore.Mvc.Formatters.SystemTextJsonInputFormatter.ReadRequestBodyAsync(InputFormatterContext context, Encoding encoding)
   at Microsoft.AspNetCore.Mvc.Formatters.SystemTextJsonInputFormatter.ReadRequestBodyAsync(InputFormatterContext context, Encoding encoding)
   at Microsoft.AspNetCore.Mvc.ModelBinding.Binders.BodyModelBinder.BindModelAsync(ModelBindingContext bindingContext)
   at Microsoft.AspNetCore.Mvc.ModelBinding.ParameterBinder.BindModelAsync(ActionContext actionContext, IModelBinder modelBinder, IValueProvider valueProvider, ParameterDescriptor parameter, ModelMetadata metadata, Object value, Object container)
   at Microsoft.AspNetCore.Mvc.Controllers.ControllerBinderDelegateProvider.<>c__DisplayClass0_0.<<CreateBinderDelegate>g__Bind|0>d.MoveNext()
--- End of stack trace from previous location ---
   at Microsoft.AspNetCore.Mvc.Infrastructure.ControllerActionInvoker.<InvokeInnerFilterAsync>g__Awaited|13_0(ControllerActionInvoker invoker, Task lastTask, State next, Scope scope, Object state, Boolean isCompleted)
   at Microsoft.AspNetCore.Mvc.Infrastructure.ResourceInvoker.<InvokeFilterPipelineAsync>g__Awaited|20_0(ResourceInvoker invoker, Task lastTask, State next, Scope scope, Object state, Boolean isCompleted)
   at Microsoft.AspNetCore.Mvc.Infrastructure.ResourceInvoker.<InvokeAsync>g__Awaited|17_0(ResourceInvoker invoker, Task task, IDisposable scope)
   at Microsoft.AspNetCore.Mvc.Infrastructure.ResourceInvoker.<InvokeAsync>g__Awaited|17_0(ResourceInvoker invoker, Task task, IDisposable scope)
   at Microsoft.AspNetCore.Authorization.AuthorizationMiddleware.Invoke(HttpContext context)
   at Swashbuckle.AspNetCore.SwaggerUI.SwaggerUIMiddleware.Invoke(HttpContext httpContext)
   at Swashbuckle.AspNetCore.Swagger.SwaggerMiddleware.Invoke(HttpContext httpContext, ISwaggerProvider swaggerProvider)
   at Serilog.AspNetCore.RequestLoggingMiddleware.Invoke(HttpContext httpContext)
2026-02-20 13:40:22 [INF] Sending HTTP request GET https://localhost:7002/api/Auth/Officer
2026-02-20 13:40:22 [INF] HTTP PUT /api/LoanDeals/3/approve responded 200 in 990.9458 ms
2026-02-20 13:40:33 [INF] Start processing HTTP request GET https://localhost:7002/api/Auth/Officer
2026-02-20 13:40:33 [INF] HTTP GET /api/LoanDeals responded 200 in 11752.7347 ms
2026-02-20 13:40:33 [INF] Sending HTTP request GET https://localhost:7002/api/Auth/Officer
2026-02-20 13:40:33 [INF] Received HTTP response headers after 250.3487ms - 200
2026-02-20 13:40:33 [INF] End processing HTTP request after 12250.3029ms - 200
2026-02-20 13:40:33 [INF] Received HTTP response headers after 246.8941ms - 200
2026-02-20 13:40:33 [INF] End processing HTTP request after 278.1582ms - 200
2026-02-20 13:42:16 [ERR] Test error log
2026-02-20 13:42:19 [INF] HTTP GET /swagger/index.html responded 200 in 371.7816 ms
2026-02-20 13:42:19 [INF] HTTP GET /swagger/v1/swagger.json responded 200 in 43.6584 ms
2026-02-20 13:42:38 [INF] HTTP PUT /api/LoanDeals/3/approve responded 200 in 3300.5825 ms
2026-02-20 13:42:38 [ERR] An error occurred using the connection to database '' on server ''.
2026-02-20 13:42:46 [INF] HTTP GET /api/LoanDeals responded 200 in 707.3004 ms
2026-02-20 13:49:32 [ERR] Test error log
2026-02-20 13:49:35 [INF] HTTP GET /swagger/index.html responded 200 in 254.7473 ms
2026-02-20 13:49:35 [INF] HTTP GET /swagger/v1/swagger.json responded 200 in 59.3199 ms
2026-02-20 13:49:44 [INF] HTTP GET /api/LoanDeals responded 200 in 4270.1143 ms
2026-02-20 13:53:40 [INF] HTTP GET /api/LoanDeals responded 200 in 126.5223 ms
2026-02-20 13:53:56 [INF] HTTP PUT /api/LoanDeals/3/approve responded 200 in 462.5928 ms
2026-02-20 13:53:57 [ERR] Failed executing DbCommand (438ms) [Parameters=[@__id_0='?' (DbType = Int32)], CommandType='"Text"', CommandTimeout='30']
SELECT TOP(1) [l].[dealId], [l].[approvedAmount], [l].[cibilScore], [l].[createdAt], [l].[createdBy], [l].[currentStatus], [l].[custId], [l].[deletedBy], [l].[eligibleAmount], [l].[isActive], [l].[loanTypeId], [l].[modifiedAt], [l].[riskRating], [l].[scorecardId]
FROM [LoanDeals] AS [l]
WHERE [l].[dealId] = @__id_0
2026-02-20 13:53:57 [ERR] An exception occurred while iterating over the results of a query for context type 'LoanOriginationService.Infrastructure.Data.ApplicationDbContext'.
System.InvalidOperationException: Invalid operation. The connection is closed.
   at Microsoft.Data.SqlClient.SqlCommand.<>c.<ExecuteDbDataReaderAsync>b__209_0(Task`1 result)
   at System.Threading.Tasks.ContinuationResultTaskFromResultTask`2.InnerInvoke()
   at System.Threading.ExecutionContext.RunInternal(ExecutionContext executionContext, ContextCallback callback, Object state)
--- End of stack trace from previous location ---
   at System.Threading.ExecutionContext.RunInternal(ExecutionContext executionContext, ContextCallback callback, Object state)
   at System.Threading.Tasks.Task.ExecuteWithThreadLocal(Task& currentTaskSlot, Thread threadPoolThread)
--- End of stack trace from previous location ---
   at Microsoft.EntityFrameworkCore.Storage.RelationalCommand.ExecuteReaderAsync(RelationalCommandParameterObject parameterObject, CancellationToken cancellationToken)
   at Microsoft.EntityFrameworkCore.Storage.RelationalCommand.ExecuteReaderAsync(RelationalCommandParameterObject parameterObject, CancellationToken cancellationToken)
   at Microsoft.EntityFrameworkCore.Query.Internal.SingleQueryingEnumerable`1.AsyncEnumerator.InitializeReaderAsync(AsyncEnumerator enumerator, CancellationToken cancellationToken)
   at Microsoft.EntityFrameworkCore.SqlServer.Storage.Internal.SqlServerExecutionStrategy.ExecuteAsync[TState,TResult](TState state, Func`4 operation, Func`4 verifySucceeded, CancellationToken cancellationToken)
   at Microsoft.EntityFrameworkCore.Query.Internal.SingleQueryingEnumerable`1.AsyncEnumerator.MoveNextAsync()
System.InvalidOperationException: Invalid operation. The connection is closed.
   at Microsoft.Data.SqlClient.SqlCommand.<>c.<ExecuteDbDataReaderAsync>b__209_0(Task`1 result)
   at System.Threading.Tasks.ContinuationResultTaskFromResultTask`2.InnerInvoke()
   at System.Threading.ExecutionContext.RunInternal(ExecutionContext executionContext, ContextCallback callback, Object state)
--- End of stack trace from previous location ---
   at System.Threading.ExecutionContext.RunInternal(ExecutionContext executionContext, ContextCallback callback, Object state)
   at System.Threading.Tasks.Task.ExecuteWithThreadLocal(Task& currentTaskSlot, Thread threadPoolThread)
--- End of stack trace from previous location ---
   at Microsoft.EntityFrameworkCore.Storage.RelationalCommand.ExecuteReaderAsync(RelationalCommandParameterObject parameterObject, CancellationToken cancellationToken)
   at Microsoft.EntityFrameworkCore.Storage.RelationalCommand.ExecuteReaderAsync(RelationalCommandParameterObject parameterObject, CancellationToken cancellationToken)
   at Microsoft.EntityFrameworkCore.Query.Internal.SingleQueryingEnumerable`1.AsyncEnumerator.InitializeReaderAsync(AsyncEnumerator enumerator, CancellationToken cancellationToken)
   at Microsoft.EntityFrameworkCore.SqlServer.Storage.Internal.SqlServerExecutionStrategy.ExecuteAsync[TState,TResult](TState state, Func`4 operation, Func`4 verifySucceeded, CancellationToken cancellationToken)
   at Microsoft.EntityFrameworkCore.Query.Internal.SingleQueryingEnumerable`1.AsyncEnumerator.MoveNextAsync()
2026-02-20 13:54:06 [INF] HTTP GET /api/LoanDeals responded 200 in 155.8744 ms
2026-02-20 14:07:13 [ERR] Test error log
2026-02-20 14:07:18 [INF] HTTP GET /swagger/index.html responded 200 in 335.2908 ms
2026-02-20 14:07:19 [INF] HTTP GET /swagger/v1/swagger.json responded 200 in 79.4975 ms
2026-02-20 14:07:29 [INF] HTTP GET /api/LoanDeals responded 200 in 6631.1886 ms
2026-02-20 14:07:39 [INF] HTTP GET /api/LoanDeals/3 responded 200 in 354.6211 ms
2026-02-20 14:07:52 [INF] HTTP GET /api/LoanDeals/customers/7 responded 200 in 276.2529 ms
2026-02-20 14:08:05 [INF] HTTP PUT /api/LoanDeals/3/approve responded 200 in 107.7489 ms
2026-02-20 14:08:09 [INF] Start processing HTTP request GET https://localhost:7002/api/Auth/Officer
2026-02-20 14:08:09 [INF] Sending HTTP request GET https://localhost:7002/api/Auth/Officer
2026-02-20 14:08:09 [INF] Received HTTP response headers after 495.5972ms - 200
2026-02-20 14:08:09 [INF] End processing HTTP request after 553.4328ms - 200
2026-02-20 14:08:20 [INF] HTTP GET /api/LoanDeals responded 200 in 30.5762 ms
2026-02-20 14:16:49 [ERR] Test error log
2026-02-20 14:16:53 [INF] HTTP GET /swagger/index.html responded 200 in 265.0529 ms
2026-02-20 14:16:53 [INF] HTTP GET /swagger/v1/swagger.json responded 200 in 67.3791 ms
2026-02-20 14:17:07 [INF] HTTP GET /api/LoanDeals responded 200 in 4568.8629 ms
2026-02-20 14:17:26 [INF] HTTP PUT /api/LoanDeals/3/approve responded 200 in 316.4667 ms
2026-02-20 14:17:28 [INF] Start processing HTTP request GET https://localhost:7002/api/Auth/Officer
2026-02-20 14:17:28 [INF] Sending HTTP request GET https://localhost:7002/api/Auth/Officer
2026-02-20 14:17:28 [INF] Received HTTP response headers after 349.6169ms - 200
2026-02-20 14:17:28 [INF] End processing HTTP request after 408.2169ms - 200
2026-02-20 14:17:35 [INF] HTTP GET /api/LoanDeals responded 200 in 190.7498 ms
2026-02-20 14:28:52 [ERR] Test error log
2026-02-20 14:28:56 [INF] HTTP GET /swagger/index.html responded 200 in 353.1250 ms
2026-02-20 14:28:56 [INF] HTTP GET /swagger/v1/swagger.json responded 200 in 30.1263 ms
2026-02-20 14:29:04 [INF] HTTP GET /api/LoanDeals responded 200 in 4357.8767 ms
2026-02-20 14:29:38 [INF] Start processing HTTP request GET https://localhost:7002/api/Auth/Officer
2026-02-20 14:29:38 [INF] Sending HTTP request GET https://localhost:7002/api/Auth/Officer
2026-02-20 14:29:38 [INF] Received HTTP response headers after 154.9349ms - 200
2026-02-20 14:29:38 [INF] End processing HTTP request after 214.1403ms - 200
2026-02-20 14:29:39 [INF] HTTP PUT /api/LoanDeals/3/approve responded 200 in 3921.8596 ms
2026-02-20 14:29:45 [INF] HTTP GET /api/LoanDeals responded 200 in 169.0687 ms
2026-02-20 14:32:37 [ERR] Test error log
2026-02-20 14:32:41 [INF] HTTP GET /swagger/index.html responded 200 in 298.5628 ms
2026-02-20 14:32:41 [INF] HTTP GET /swagger/v1/swagger.json responded 200 in 70.9421 ms
2026-02-20 14:33:00 [INF] HTTP GET /api/LoanDeals responded 200 in 4501.2728 ms
2026-02-20 14:34:18 [INF] Start processing HTTP request GET https://localhost:7002/api/Auth/Officer
2026-02-20 14:34:18 [INF] Sending HTTP request GET https://localhost:7002/api/Auth/Officer
2026-02-20 14:34:18 [INF] Received HTTP response headers after 99.0306ms - 200
2026-02-20 14:34:18 [INF] End processing HTTP request after 149.1981ms - 200
2026-02-20 14:34:18 [INF] Officer count: 2
2026-02-20 14:34:18 [INF] HTTP PUT /api/LoanDeals/1/reject responded 200 in 5156.2854 ms
2026-02-20 14:34:27 [INF] HTTP GET /api/LoanDeals responded 200 in 165.0819 ms
2026-02-20 14:35:12 [INF] Start processing HTTP request GET https://localhost:7002/api/Auth/Officer
2026-02-20 14:35:12 [INF] Sending HTTP request GET https://localhost:7002/api/Auth/Officer
2026-02-20 14:35:12 [INF] Received HTTP response headers after 48.068ms - 200
2026-02-20 14:35:12 [INF] End processing HTTP request after 48.9283ms - 200
2026-02-20 14:35:12 [INF] Officer count: 2
2026-02-20 14:35:12 [INF] HTTP PUT /api/LoanDeals/2/reject responded 200 in 1932.1843 ms
2026-02-20 15:27:38 [ERR] Test error log
2026-02-20 15:27:41 [INF] HTTP GET /swagger/index.html responded 200 in 268.6118 ms
2026-02-20 15:27:42 [INF] HTTP GET /swagger/v1/swagger.json responded 200 in 43.2642 ms
2026-02-20 15:27:50 [INF] HTTP GET /api/LoanDeals responded 200 in 4300.5054 ms
2026-02-20 15:29:32 [INF] HTTP GET /api/LoanDeals/1 responded 200 in 317.3074 ms
2026-02-20 15:29:53 [INF] HTTP GET /api/LoanDeals/2 responded 200 in 177.1081 ms
2026-02-20 15:30:19 [INF] HTTP GET /api/LoanDeals/3 responded 200 in 26.2729 ms
2026-02-20 15:30:59 [INF] HTTP GET /api/LoanDeals/3 responded 200 in 10.5605 ms
2026-02-20 15:31:08 [INF] HTTP GET /api/LoanDeals/3 responded 200 in 13.3837 ms
2026-02-20 15:31:13 [INF] HTTP GET /api/LoanDeals/3 responded 200 in 8.8396 ms
2026-02-20 15:31:13 [INF] HTTP GET /api/LoanDeals/3 responded 200 in 11.0573 ms
2026-02-20 15:36:57 [INF] HTTP GET /api/LoanDeals/1 responded 200 in 10.8193 ms
